<html>
<body>
<pre>
<h1>µVision Build Log</h1>
<h2>Tool Versions:</h2>
IDE-Version: £gVision V5.13.0.0
Copyright (C) 2014 ARM Ltd and ARM Germany GmbH. All rights reserved.
License Information: 1111 111, 1111, LIC=----
 
Tool Versions:
Toolchain:       MDK-Lite  Version: 5.26.2.0
Toolchain Path:  C:\Keil_v5\ARM\ARMCC\Bin
C Compiler:      Armcc.exe V5.06 update 6 (build 750)
Assembler:       Armasm.exe V5.06 update 6 (build 750)
Linker/Locator:  ArmLink.exe V5.06 update 6 (build 750)
Library Manager: ArmAr.exe V5.06 update 6 (build 750)
Hex Converter:   FromElf.exe V5.06 update 6 (build 750)
CPU DLL:         SARMCM3.DLL V5.26.2.0
Dialog DLL:      DARMCM1.DLL V1.19.1.0
Target DLL:      CMSIS_AGDI.dll V1.30.6.0
Dialog DLL:      TARMCM1.DLL V1.14.0.0
 
<h2>Project:</h2>
C:\Users\88691\Desktop\¹êÅç«Ç\Animal behavior\example\RTC\Time\MDK_ARMv5\Project_52352.uvprojx
Project File Date:  08/19/2020

<h2>Output:</h2>
Build target 'HT32'
compiling main.c...
linking...
Program Size: Code=3500 RO-data=168 RW-data=20 ZI-data=516  
FromELF: creating hex file...
After Build - User command #1: fromelf --bin -o ".\HT32\52352\Obj\HT32.axf.bin" ".\HT32\52352\Obj\HT32.axf"
".\HT32\52352\Obj\HT32.axf" - 0 Error(s), 0 Warning(s).

<h2>Collection of Component include folders:</h2>
  C:\Users\88691\Desktop\¹êÅç«Ç\Animal behavior\example\RTC\Time\MDK_ARMv5\RTE
  C:\Keil_v5\ARM\PACK\Holtek\HT32_DFP\1.0.25

<h2>Collection of Component Files used:</h2>
</pre>
</body>
</html>
