<html>
<body>
<pre>
<h1>µVision Build Log</h1>
<h2>Tool Versions:</h2>
IDE-Version: £gVision V5.13.0.0
Copyright (C) 2014 ARM Ltd and ARM Germany GmbH. All rights reserved.
License Information: 1111 111, 1111, LIC=----
 
Tool Versions:
Toolchain:       MDK-Lite  Version: 5.26.2.0
Toolchain Path:  C:\Keil_v5\ARM\ARMCC\Bin
C Compiler:      Armcc.exe V5.06 update 6 (build 750)
Assembler:       Armasm.exe V5.06 update 6 (build 750)
Linker/Locator:  ArmLink.exe V5.06 update 6 (build 750)
Library Manager: ArmAr.exe V5.06 update 6 (build 750)
Hex Converter:   FromElf.exe V5.06 update 6 (build 750)
CPU DLL:         SARMCM3.DLL V5.26.2.0
Dialog DLL:      DARMCM1.DLL V1.19.1.0
Target DLL:      CMSIS_AGDI.dll V1.30.6.0
Dialog DLL:      TARMCM1.DLL V1.14.0.0
 
<h2>Project:</h2>
C:\Users\88691\Desktop\¹êÅç«Ç\½d¨Òcode\ESK32-30501\3_USART\1_Polling\MDK_ARMv5\Project_52352.uvprojx
Project File Date:  08/10/2020

<h2>Output:</h2>
Rebuild target 'HT32'
compiling main.c...
compiling ht32f5xxxx_01_it.c...
assembling ht32_op.s...
compiling system_ht32f5xxxx_01.c...
assembling startup_ht32f5xxxx_01.s...
compiling ht32_usbd_core.c...
compiling ht32_cm0plus_misc.c...
compiling ht32f5xxxx_adc.c...
compiling ht32f5xxxx_bftm.c...
compiling ht32f5xxxx_ckcu.c...
compiling ht32f5xxxx_cmp.c...
compiling ht32f5xxxx_crc.c...
compiling ht32f5xxxx_ebi.c...
compiling ht32f5xxxx_exti.c...
compiling ht32f5xxxx_flash.c...
compiling ht32f5xxxx_gpio.c...
compiling ht32f5xxxx_i2c.c...
compiling ht32f5xxxx_i2s.c...
compiling ht32f5xxxx_mctm.c...
compiling ht32f5xxxx_pdma.c...
compiling ht32f5xxxx_pwrcu.c...
compiling ht32f5xxxx_rstcu.c...
compiling ht32f5xxxx_rtc.c...
compiling ht32f5xxxx_sci.c...
compiling ht32f5xxxx_spi.c...
compiling ht32f5xxxx_tm.c...
compiling ht32f5xxxx_usart.c...
compiling ht32f5xxxx_usbd.c...
compiling ht32f5xxxx_wdt.c...
compiling ht32_retarget.c...
compiling ht32_serial.c...
compiling ht32_board.c...
compiling i2c_eeprom.c...
compiling spi_flash.c...
compiling ebi_lcd.c...
linking...
Program Size: Code=1396 RO-data=80 RW-data=4 ZI-data=516  
FromELF: creating hex file...
After Build - User command #1: fromelf --bin -o C:\Users\88691\Desktop\¹êÅç«Ç\½d¨Òcode\ESK32-30501\3_USART\1_Polling\MDK_ARMv5\HT32\52352\Obj\HT32.axf.bin C:\Users\88691\Desktop\¹êÅç«Ç\½d¨Òcode\ESK32-30501\3_USART\1_Polling\MDK_ARMv5\HT32\52352\Obj\HT32.axf
".\HT32\52352\Obj\HT32.axf" - 0 Error(s), 0 Warning(s).

<h2>Collection of Component include folders:</h2>
  C:\Users\88691\Desktop\¹êÅç«Ç\½d¨Òcode\ESK32-30501\3_USART\1_Polling\MDK_ARMv5\RTE
  C:\Keil_v5\ARM\PACK\Holtek\HT32_DFP\1.0.25

<h2>Collection of Component Files used:</h2>
</pre>
</body>
</html>
